{"timestamp":"2026-03-20T21:04:41.199Z","event":"auth.login.google","userId":"7c07901a-72dd-4831-89ff-39eb7d4b35a4","email":"edson.osilvacc@gmail.com"}
{"timestamp":"2026-03-20T21:19:47.577Z","event":"auth.refresh","userId":"7c07901a-72dd-4831-89ff-39eb7d4b35a4","email":"edson.osilvacc@gmail.com"}
{"timestamp":"2026-03-20T21:35:24.037Z","event":"auth.refresh","userId":"7c07901a-72dd-4831-89ff-39eb7d4b35a4","email":"edson.osilvacc@gmail.com"}
{"timestamp":"2026-03-20T21:48:03.826Z","event":"auth.logout","userId":"7c07901a-72dd-4831-89ff-39eb7d4b35a4","email":"edson.osilvacc@gmail.com"}
{"timestamp":"2026-03-20T21:48:13.181Z","event":"auth.login.google","userId":"c9f31734-f410-4365-9c36-e1e47cd85b35","email":"edso06@gmail.com"}
{"timestamp":"2026-03-20T21:48:16.521Z","event":"auth.logout","userId":"c9f31734-f410-4365-9c36-e1e47cd85b35","email":"edso06@gmail.com"}
{"timestamp":"2026-03-20T21:48:27.354Z","event":"auth.login.google","userId":"c9f31734-f410-4365-9c36-e1e47cd85b35","email":"edso06@gmail.com"}
{"timestamp":"2026-03-20T22:24:51.961Z","event":"auth.refresh","userId":"c9f31734-f410-4365-9c36-e1e47cd85b35","email":"edso06@gmail.com"}
{"timestamp":"2026-03-21T13:04:03.283Z","event":"auth.register","userId":"dbf3de77-6b61-4737-816a-ba66f48ba7bb","email":"draftflow+1774098243008@lampiao.dev"}
{"timestamp":"2026-03-21T13:04:03.440Z","event":"auth.login","userId":"dbf3de77-6b61-4737-816a-ba66f48ba7bb","email":"draftflow+1774098243008@lampiao.dev"}
{"timestamp":"2026-03-21T13:04:52.064Z","event":"auth.register","userId":"7196a0a3-714a-4010-8703-6b87e6c9fe17","email":"draftflow+1774098291951@lampiao.dev"}
{"timestamp":"2026-03-21T13:04:52.154Z","event":"auth.login","userId":"7196a0a3-714a-4010-8703-6b87e6c9fe17","email":"draftflow+1774098291951@lampiao.dev"}
{"timestamp":"2026-03-21T13:04:52.203Z","event":"post_draft.save","draftId":"81dfdb32-b4e5-44ca-ba47-114148e22477","userId":"7196a0a3-714a-4010-8703-6b87e6c9fe17","bookId":"1","deviceId":"local-e2e-device-01","hasTitle":true,"hasText":true}
{"timestamp":"2026-03-21T13:05:29.324Z","event":"auth.register","userId":"effaf0c7-3dc0-4d83-af9c-e742485e1faa","email":"draftflow+1774098329252@lampiao.dev"}
{"timestamp":"2026-03-21T13:05:29.402Z","event":"auth.login","userId":"effaf0c7-3dc0-4d83-af9c-e742485e1faa","email":"draftflow+1774098329252@lampiao.dev"}
{"timestamp":"2026-03-21T13:05:29.435Z","event":"post_draft.save","draftId":"f1f38bbc-13de-4f75-81ed-133fbf53f5a4","userId":"effaf0c7-3dc0-4d83-af9c-e742485e1faa","bookId":"1","deviceId":"local-e2e-device-01","hasTitle":true,"hasText":true}
{"timestamp":"2026-03-21T13:06:09.446Z","event":"auth.register","userId":"e2fb13cc-a6e4-4813-b952-1edd9de4620d","email":"draftflow+1774098369268@lampiao.dev"}
{"timestamp":"2026-03-21T13:06:09.536Z","event":"auth.login","userId":"e2fb13cc-a6e4-4813-b952-1edd9de4620d","email":"draftflow+1774098369268@lampiao.dev"}
{"timestamp":"2026-03-21T13:06:09.560Z","event":"post_draft.save","draftId":"39b3c37a-ae5b-491f-943d-53f4b5c79b60","userId":"e2fb13cc-a6e4-4813-b952-1edd9de4620d","bookId":"1","deviceId":"local-e2e-device-01","hasTitle":true,"hasText":true}
{"timestamp":"2026-03-21T13:06:09.580Z","event":"post_draft.delete","userId":"e2fb13cc-a6e4-4813-b952-1edd9de4620d","bookId":"1","deviceId":"local-e2e-device-01"}
{"timestamp":"2026-03-21T13:08:04.283Z","event":"auth.register","userId":"2e72a5f7-3659-48f0-9865-21a0e5b4ef60","email":"draftflow+1774098484003@lampiao.dev"}
{"timestamp":"2026-03-21T13:08:08.392Z","event":"auth.login","userId":"2e72a5f7-3659-48f0-9865-21a0e5b4ef60","email":"draftflow+1774098484003@lampiao.dev"}
{"timestamp":"2026-03-21T13:08:24.030Z","event":"auth.register","userId":"d165bbe8-f7eb-4776-aa37-5bc8f5a7418b","email":"draftflow+1774098503891@lampiao.dev"}
{"timestamp":"2026-03-21T13:08:24.109Z","event":"auth.login","userId":"d165bbe8-f7eb-4776-aa37-5bc8f5a7418b","email":"draftflow+1774098503891@lampiao.dev"}
{"timestamp":"2026-03-21T13:08:24.195Z","event":"post_draft.save","draftId":"fa887b3a-2da6-491b-99a1-739b7b702d1b","userId":"d165bbe8-f7eb-4776-aa37-5bc8f5a7418b","bookId":"1","deviceId":"local-e2e-device-01","hasTitle":true,"hasText":true}
{"timestamp":"2026-03-21T13:08:46.407Z","event":"auth.register","userId":"9de415e8-e377-4ff3-9af9-b4921d269384","email":"draftflow+1774098526266@lampiao.dev"}
{"timestamp":"2026-03-21T13:08:46.494Z","event":"auth.login","userId":"9de415e8-e377-4ff3-9af9-b4921d269384","email":"draftflow+1774098526266@lampiao.dev"}
{"timestamp":"2026-03-21T13:08:46.554Z","event":"post_draft.save","draftId":"d647db21-d182-4092-a7b2-6332ff0c1e25","userId":"9de415e8-e377-4ff3-9af9-b4921d269384","bookId":"1","deviceId":"local-e2e-device-01","hasTitle":true,"hasText":true}
{"timestamp":"2026-03-21T13:09:08.347Z","event":"auth.register","userId":"7e427139-4c48-494d-953f-4da89b95a92c","email":"draftflow+1774098548211@lampiao.dev"}
{"timestamp":"2026-03-21T13:09:08.428Z","event":"auth.login","userId":"7e427139-4c48-494d-953f-4da89b95a92c","email":"draftflow+1774098548211@lampiao.dev"}
{"timestamp":"2026-03-21T13:09:08.497Z","event":"post_draft.save","draftId":"bbf82e71-a46d-4896-8902-847ce36862ae","userId":"7e427139-4c48-494d-953f-4da89b95a92c","bookId":"1","deviceId":"local-e2e-device-01","hasTitle":true,"hasText":true}
{"timestamp":"2026-03-21T13:09:08.528Z","event":"post_draft.delete","userId":"7e427139-4c48-494d-953f-4da89b95a92c","bookId":"1","deviceId":"local-e2e-device-01"}
